

================================================================
== Vitis HLS Report for 'dense_resource_rf_leq_nin_ap_fixed_ap_fixed_16_6_5_3_0_config10_s'
================================================================
* Date:           Fri Mar 27 01:14:58 2026

* Version:        2025.2 (Build 6295257 on Nov 14 2025)
* Project:        myproject
* Solution:       hls (Vivado IP Flow Target)
* Product family: virtexuplus
* Target device:  xcvu19p-fsva3824-2-e


================================================================
== Performance Estimates
================================================================
+ Timing: 
    * Summary: 
    +--------+----------+----------+------------+
    |  Clock |  Target  | Estimated| Uncertainty|
    +--------+----------+----------+------------+
    |ap_clk  |  10.00 ns|  3.972 ns|     2.70 ns|
    +--------+----------+----------+------------+

+ Latency: 
    * Summary: 
    +---------+---------+----------+----------+-----+-----+-------------------------------------------+
    |  Latency (cycles) |  Latency (absolute) |  Interval |                  Pipeline                 |
    |   min   |   max   |    min   |    max   | min | max |                    Type                   |
    +---------+---------+----------+----------+-----+-----+-------------------------------------------+
    |       64|       65|  0.640 us|  0.650 us|   64|   64|  loop rewind stp (delay=0 clock cycles(s))|
    +---------+---------+----------+----------+-----+-----+-------------------------------------------+

    + Detail: 
        * Instance: 
        N/A

        * Loop: 
        +-------------+---------+---------+----------+-----------+-----------+------+----------+
        |             |  Latency (cycles) | Iteration|  Initiation Interval  | Trip |          |
        |  Loop Name  |   min   |   max   |  Latency |  achieved |   target  | Count| Pipelined|
        +-------------+---------+---------+----------+-----------+-----------+------+----------+
        |- ReuseLoop  |       64|       64|         2|          1|          1|    64|       yes|
        +-------------+---------+---------+----------+-----------+-----------+------+----------+



================================================================
== Utilization Estimates
================================================================
* Summary: 
+---------------------+---------+------+---------+---------+-----+
|         Name        | BRAM_18K|  DSP |    FF   |   LUT   | URAM|
+---------------------+---------+------+---------+---------+-----+
|DSP                  |        -|     -|        -|        -|    -|
|Expression           |        -|     -|        0|      344|    -|
|FIFO                 |        -|     -|        -|        -|    -|
|Instance             |        -|    10|        0|      320|    -|
|Memory               |        8|     -|        0|        0|    -|
|Multiplexer          |        -|     -|        0|     1401|    -|
|Register             |        -|     -|     2338|        -|    -|
+---------------------+---------+------+---------+---------+-----+
|Total                |        8|    10|     2338|     2065|    0|
+---------------------+---------+------+---------+---------+-----+
|Available SLR        |     1080|   960|  2042880|  1021440|   80|
+---------------------+---------+------+---------+---------+-----+
|Utilization SLR (%)  |       ~0|     1|       ~0|       ~0|    0|
+---------------------+---------+------+---------+---------+-----+
|Available            |     4320|  3840|  8171520|  4085760|  320|
+---------------------+---------+------+---------+---------+-----+
|Utilization (%)      |       ~0|    ~0|       ~0|       ~0|    0|
+---------------------+---------+------+---------+---------+-----+

+ Detail: 
    * Instance: 
    +-------------------------------+------------------------+---------+----+---+-----+-----+
    |            Instance           |         Module         | BRAM_18K| DSP| FF| LUT | URAM|
    +-------------------------------+------------------------+---------+----+---+-----+-----+
    |mul_15ns_10s_25_1_1_U11768     |mul_15ns_10s_25_1_1     |        0|   1|  0|    2|    0|
    |mul_16s_15ns_30_1_1_U11759     |mul_16s_15ns_30_1_1     |        0|   1|  0|    5|    0|
    |mul_16s_15ns_30_1_1_U11760     |mul_16s_15ns_30_1_1     |        0|   1|  0|    5|    0|
    |mul_16s_15ns_30_1_1_U11761     |mul_16s_15ns_30_1_1     |        0|   1|  0|    5|    0|
    |mul_16s_15ns_30_1_1_U11762     |mul_16s_15ns_30_1_1     |        0|   1|  0|    5|    0|
    |mul_16s_15ns_30_1_1_U11763     |mul_16s_15ns_30_1_1     |        0|   1|  0|    5|    0|
    |mul_16s_15ns_30_1_1_U11764     |mul_16s_15ns_30_1_1     |        0|   1|  0|    5|    0|
    |mul_16s_15ns_30_1_1_U11765     |mul_16s_15ns_30_1_1     |        0|   1|  0|    5|    0|
    |mul_16s_15ns_30_1_1_U11766     |mul_16s_15ns_30_1_1     |        0|   1|  0|    5|    0|
    |mul_16s_15ns_30_1_1_U11767     |mul_16s_15ns_30_1_1     |        0|   1|  0|    5|    0|
    |sparsemux_129_6_15_1_1_U11758  |sparsemux_129_6_15_1_1  |        0|   0|  0|  273|    0|
    +-------------------------------+------------------------+---------+----+---+-----+-----+
    |Total                          |                        |        0|  10|  0|  320|    0|
    +-------------------------------+------------------------+---------+----+---+-----+-----+

    * DSP: 
    N/A

    * Memory: 
    +-------+----------------------------------------------------------------------------------+---------+---+----+-----+------+-----+------+-------------+
    | Memory|                                      Module                                      | BRAM_18K| FF| LUT| URAM| Words| Bits| Banks| W*Bits*Banks|
    +-------+----------------------------------------------------------------------------------+---------+---+----+-----+------+-----+------+-------------+
    |w10_U  |dense_resource_rf_leq_nin_ap_fixed_ap_fixed_16_6_5_3_0_config10_s_w10_ROM_NP_fYi  |        8|  0|   0|    0|    64|  154|     1|         9856|
    +-------+----------------------------------------------------------------------------------+---------+---+----+-----+------+-----+------+-------------+
    |Total  |                                                                                  |        8|  0|   0|    0|    64|  154|     1|         9856|
    +-------+----------------------------------------------------------------------------------+---------+---+----+-----+------+-----+------+-------------+

    * FIFO: 
    N/A

    * Expression: 
    +--------------------------+----------+----+---+----+------------+------------+
    |       Variable Name      | Operation| DSP| FF| LUT| Bitwidth P0| Bitwidth P1|
    +--------------------------+----------+----+---+----+------------+------------+
    |add_ln58_9853_fu_2953_p2  |         +|   0|  0|  31|          24|          24|
    |add_ln58_9854_fu_2989_p2  |         +|   0|  0|  31|          24|          24|
    |add_ln58_9855_fu_3025_p2  |         +|   0|  0|  31|          24|          24|
    |add_ln58_9856_fu_3061_p2  |         +|   0|  0|  31|          24|          24|
    |add_ln58_9857_fu_3097_p2  |         +|   0|  0|  31|          24|          24|
    |add_ln58_9858_fu_3133_p2  |         +|   0|  0|  31|          24|          24|
    |add_ln58_9859_fu_3169_p2  |         +|   0|  0|  31|          24|          24|
    |add_ln58_9860_fu_3205_p2  |         +|   0|  0|  31|          24|          24|
    |add_ln58_9861_fu_3245_p2  |         +|   0|  0|  31|          24|          24|
    |add_ln58_fu_2917_p2       |         +|   0|  0|  31|          24|          24|
    |w_index_fu_2609_p2        |         +|   0|  0|  13|           6|           1|
    |ap_condition_40           |       and|   0|  0|   2|           1|           1|
    |ap_condition_580          |       and|   0|  0|   2|           1|           1|
    |icmp_ln46_fu_2615_p2      |      icmp|   0|  0|  13|           6|           2|
    |ap_block_state1           |        or|   0|  0|   2|           1|           1|
    |ap_enable_pp0             |       xor|   0|  0|   2|           1|           2|
    +--------------------------+----------+----+---+----+------------+------------+
    |Total                     |          |   0|  0| 344|         256|         248|
    +--------------------------+----------+----+---+----+------------+------------+

    * Multiplexer: 
    +-----------------------------------------------+----+-----------+-----+-----------+
    |                      Name                     | LUT| Input Size| Bits| Total Bits|
    +-----------------------------------------------+----+-----------+-----+-----------+
    |ap_NS_fsm                                      |  14|          3|    1|          3|
    |ap_done                                        |   9|          2|    1|          2|
    |ap_enable_reg_pp0_iter1                        |   9|          2|    1|          2|
    |ap_phi_mux_do_init_phi_fu_773_p6               |  14|          3|    1|          3|
    |ap_phi_mux_ir_phi_fu_789_p6                    |  14|          3|    6|         18|
    |ap_phi_mux_p_read1074_phi_phi_fu_1960_p4       |   9|          2|   15|         30|
    |ap_phi_mux_p_read1175_phi_phi_fu_1972_p4       |   9|          2|   15|         30|
    |ap_phi_mux_p_read1276_phi_phi_fu_1984_p4       |   9|          2|   15|         30|
    |ap_phi_mux_p_read1377_phi_phi_fu_1996_p4       |   9|          2|   15|         30|
    |ap_phi_mux_p_read1478_phi_phi_fu_2008_p4       |   9|          2|   15|         30|
    |ap_phi_mux_p_read1579_phi_phi_fu_2020_p4       |   9|          2|   15|         30|
    |ap_phi_mux_p_read165_phi_phi_fu_1852_p4        |   9|          2|   15|         30|
    |ap_phi_mux_p_read1680_phi_phi_fu_2032_p4       |   9|          2|   15|         30|
    |ap_phi_mux_p_read1781_phi_phi_fu_2044_p4       |   9|          2|   15|         30|
    |ap_phi_mux_p_read1882_phi_phi_fu_2056_p4       |   9|          2|   15|         30|
    |ap_phi_mux_p_read1983_phi_phi_fu_2068_p4       |   9|          2|   15|         30|
    |ap_phi_mux_p_read2084_phi_phi_fu_2080_p4       |   9|          2|   15|         30|
    |ap_phi_mux_p_read2185_phi_phi_fu_2092_p4       |   9|          2|   15|         30|
    |ap_phi_mux_p_read2286_phi_phi_fu_2104_p4       |   9|          2|   15|         30|
    |ap_phi_mux_p_read2387_phi_phi_fu_2116_p4       |   9|          2|   15|         30|
    |ap_phi_mux_p_read2488_phi_phi_fu_2128_p4       |   9|          2|   15|         30|
    |ap_phi_mux_p_read2589_phi_phi_fu_2140_p4       |   9|          2|   15|         30|
    |ap_phi_mux_p_read266_phi_phi_fu_1864_p4        |   9|          2|   15|         30|
    |ap_phi_mux_p_read2690_phi_phi_fu_2152_p4       |   9|          2|   15|         30|
    |ap_phi_mux_p_read2791_phi_phi_fu_2164_p4       |   9|          2|   15|         30|
    |ap_phi_mux_p_read2892_phi_phi_fu_2176_p4       |   9|          2|   15|         30|
    |ap_phi_mux_p_read2993_phi_phi_fu_2188_p4       |   9|          2|   15|         30|
    |ap_phi_mux_p_read3094_phi_phi_fu_2200_p4       |   9|          2|   15|         30|
    |ap_phi_mux_p_read3195_phi_phi_fu_2212_p4       |   9|          2|   15|         30|
    |ap_phi_mux_p_read3296_phi_phi_fu_2224_p4       |   9|          2|   15|         30|
    |ap_phi_mux_p_read3397_phi_phi_fu_2236_p4       |   9|          2|   15|         30|
    |ap_phi_mux_p_read3498_phi_phi_fu_2248_p4       |   9|          2|   15|         30|
    |ap_phi_mux_p_read3599_phi_phi_fu_2260_p4       |   9|          2|   15|         30|
    |ap_phi_mux_p_read36100_phi_phi_fu_2272_p4      |   9|          2|   15|         30|
    |ap_phi_mux_p_read367_phi_phi_fu_1876_p4        |   9|          2|   15|         30|
    |ap_phi_mux_p_read37101_phi_phi_fu_2284_p4      |   9|          2|   15|         30|
    |ap_phi_mux_p_read38102_phi_phi_fu_2296_p4      |   9|          2|   15|         30|
    |ap_phi_mux_p_read39103_phi_phi_fu_2308_p4      |   9|          2|   15|         30|
    |ap_phi_mux_p_read40104_phi_phi_fu_2320_p4      |   9|          2|   15|         30|
    |ap_phi_mux_p_read41105_phi_phi_fu_2332_p4      |   9|          2|   15|         30|
    |ap_phi_mux_p_read42106_phi_phi_fu_2344_p4      |   9|          2|   15|         30|
    |ap_phi_mux_p_read43107_phi_phi_fu_2356_p4      |   9|          2|   15|         30|
    |ap_phi_mux_p_read44108_phi_phi_fu_2368_p4      |   9|          2|   15|         30|
    |ap_phi_mux_p_read45109_phi_phi_fu_2380_p4      |   9|          2|   15|         30|
    |ap_phi_mux_p_read46110_phi_phi_fu_2392_p4      |   9|          2|   15|         30|
    |ap_phi_mux_p_read468_phi_phi_fu_1888_p4        |   9|          2|   15|         30|
    |ap_phi_mux_p_read47111_phi_phi_fu_2404_p4      |   9|          2|   15|         30|
    |ap_phi_mux_p_read48112_phi_phi_fu_2416_p4      |   9|          2|   15|         30|
    |ap_phi_mux_p_read49113_phi_phi_fu_2428_p4      |   9|          2|   15|         30|
    |ap_phi_mux_p_read50114_phi_phi_fu_2440_p4      |   9|          2|   15|         30|
    |ap_phi_mux_p_read51115_phi_phi_fu_2452_p4      |   9|          2|   15|         30|
    |ap_phi_mux_p_read52116_phi_phi_fu_2464_p4      |   9|          2|   15|         30|
    |ap_phi_mux_p_read53117_phi_phi_fu_2476_p4      |   9|          2|   15|         30|
    |ap_phi_mux_p_read54118_phi_phi_fu_2488_p4      |   9|          2|   15|         30|
    |ap_phi_mux_p_read55119_phi_phi_fu_2500_p4      |   9|          2|   15|         30|
    |ap_phi_mux_p_read56120_phi_phi_fu_2512_p4      |   9|          2|   15|         30|
    |ap_phi_mux_p_read569_phi_phi_fu_1900_p4        |   9|          2|   15|         30|
    |ap_phi_mux_p_read57121_phi_phi_fu_2524_p4      |   9|          2|   15|         30|
    |ap_phi_mux_p_read58122_phi_phi_fu_2536_p4      |   9|          2|   15|         30|
    |ap_phi_mux_p_read59123_phi_phi_fu_2548_p4      |   9|          2|   15|         30|
    |ap_phi_mux_p_read60124_phi_phi_fu_2560_p4      |   9|          2|   15|         30|
    |ap_phi_mux_p_read61125_phi_phi_fu_2572_p4      |   9|          2|   15|         30|
    |ap_phi_mux_p_read62126_phi_phi_fu_2584_p4      |   9|          2|   15|         30|
    |ap_phi_mux_p_read63127_phi_phi_fu_2596_p4      |   9|          2|   15|         30|
    |ap_phi_mux_p_read64_phi_phi_fu_1840_p4         |   9|          2|   15|         30|
    |ap_phi_mux_p_read670_phi_phi_fu_1912_p4        |   9|          2|   15|         30|
    |ap_phi_mux_p_read771_phi_phi_fu_1924_p4        |   9|          2|   15|         30|
    |ap_phi_mux_p_read872_phi_phi_fu_1936_p4        |   9|          2|   15|         30|
    |ap_phi_mux_p_read973_phi_phi_fu_1948_p4        |   9|          2|   15|         30|
    |ap_phi_reg_pp0_iter1_p_read1074_phi_reg_1956   |   9|          2|   15|         30|
    |ap_phi_reg_pp0_iter1_p_read1175_phi_reg_1968   |   9|          2|   15|         30|
    |ap_phi_reg_pp0_iter1_p_read1276_phi_reg_1980   |   9|          2|   15|         30|
    |ap_phi_reg_pp0_iter1_p_read1377_phi_reg_1992   |   9|          2|   15|         30|
    |ap_phi_reg_pp0_iter1_p_read1478_phi_reg_2004   |   9|          2|   15|         30|
    |ap_phi_reg_pp0_iter1_p_read1579_phi_reg_2016   |   9|          2|   15|         30|
    |ap_phi_reg_pp0_iter1_p_read165_phi_reg_1848    |   9|          2|   15|         30|
    |ap_phi_reg_pp0_iter1_p_read1680_phi_reg_2028   |   9|          2|   15|         30|
    |ap_phi_reg_pp0_iter1_p_read1781_phi_reg_2040   |   9|          2|   15|         30|
    |ap_phi_reg_pp0_iter1_p_read1882_phi_reg_2052   |   9|          2|   15|         30|
    |ap_phi_reg_pp0_iter1_p_read1983_phi_reg_2064   |   9|          2|   15|         30|
    |ap_phi_reg_pp0_iter1_p_read2084_phi_reg_2076   |   9|          2|   15|         30|
    |ap_phi_reg_pp0_iter1_p_read2185_phi_reg_2088   |   9|          2|   15|         30|
    |ap_phi_reg_pp0_iter1_p_read2286_phi_reg_2100   |   9|          2|   15|         30|
    |ap_phi_reg_pp0_iter1_p_read2387_phi_reg_2112   |   9|          2|   15|         30|
    |ap_phi_reg_pp0_iter1_p_read2488_phi_reg_2124   |   9|          2|   15|         30|
    |ap_phi_reg_pp0_iter1_p_read2589_phi_reg_2136   |   9|          2|   15|         30|
    |ap_phi_reg_pp0_iter1_p_read266_phi_reg_1860    |   9|          2|   15|         30|
    |ap_phi_reg_pp0_iter1_p_read2690_phi_reg_2148   |   9|          2|   15|         30|
    |ap_phi_reg_pp0_iter1_p_read2791_phi_reg_2160   |   9|          2|   15|         30|
    |ap_phi_reg_pp0_iter1_p_read2892_phi_reg_2172   |   9|          2|   15|         30|
    |ap_phi_reg_pp0_iter1_p_read2993_phi_reg_2184   |   9|          2|   15|         30|
    |ap_phi_reg_pp0_iter1_p_read3094_phi_reg_2196   |   9|          2|   15|         30|
    |ap_phi_reg_pp0_iter1_p_read3195_phi_reg_2208   |   9|          2|   15|         30|
    |ap_phi_reg_pp0_iter1_p_read3296_phi_reg_2220   |   9|          2|   15|         30|
    |ap_phi_reg_pp0_iter1_p_read3397_phi_reg_2232   |   9|          2|   15|         30|
    |ap_phi_reg_pp0_iter1_p_read3498_phi_reg_2244   |   9|          2|   15|         30|
    |ap_phi_reg_pp0_iter1_p_read3599_phi_reg_2256   |   9|          2|   15|         30|
    |ap_phi_reg_pp0_iter1_p_read36100_phi_reg_2268  |   9|          2|   15|         30|
    |ap_phi_reg_pp0_iter1_p_read367_phi_reg_1872    |   9|          2|   15|         30|
    |ap_phi_reg_pp0_iter1_p_read37101_phi_reg_2280  |   9|          2|   15|         30|
    |ap_phi_reg_pp0_iter1_p_read38102_phi_reg_2292  |   9|          2|   15|         30|
    |ap_phi_reg_pp0_iter1_p_read39103_phi_reg_2304  |   9|          2|   15|         30|
    |ap_phi_reg_pp0_iter1_p_read40104_phi_reg_2316  |   9|          2|   15|         30|
    |ap_phi_reg_pp0_iter1_p_read41105_phi_reg_2328  |   9|          2|   15|         30|
    |ap_phi_reg_pp0_iter1_p_read42106_phi_reg_2340  |   9|          2|   15|         30|
    |ap_phi_reg_pp0_iter1_p_read43107_phi_reg_2352  |   9|          2|   15|         30|
    |ap_phi_reg_pp0_iter1_p_read44108_phi_reg_2364  |   9|          2|   15|         30|
    |ap_phi_reg_pp0_iter1_p_read45109_phi_reg_2376  |   9|          2|   15|         30|
    |ap_phi_reg_pp0_iter1_p_read46110_phi_reg_2388  |   9|          2|   15|         30|
    |ap_phi_reg_pp0_iter1_p_read468_phi_reg_1884    |   9|          2|   15|         30|
    |ap_phi_reg_pp0_iter1_p_read47111_phi_reg_2400  |   9|          2|   15|         30|
    |ap_phi_reg_pp0_iter1_p_read48112_phi_reg_2412  |   9|          2|   15|         30|
    |ap_phi_reg_pp0_iter1_p_read49113_phi_reg_2424  |   9|          2|   15|         30|
    |ap_phi_reg_pp0_iter1_p_read50114_phi_reg_2436  |   9|          2|   15|         30|
    |ap_phi_reg_pp0_iter1_p_read51115_phi_reg_2448  |   9|          2|   15|         30|
    |ap_phi_reg_pp0_iter1_p_read52116_phi_reg_2460  |   9|          2|   15|         30|
    |ap_phi_reg_pp0_iter1_p_read53117_phi_reg_2472  |   9|          2|   15|         30|
    |ap_phi_reg_pp0_iter1_p_read54118_phi_reg_2484  |   9|          2|   15|         30|
    |ap_phi_reg_pp0_iter1_p_read55119_phi_reg_2496  |   9|          2|   15|         30|
    |ap_phi_reg_pp0_iter1_p_read56120_phi_reg_2508  |   9|          2|   15|         30|
    |ap_phi_reg_pp0_iter1_p_read569_phi_reg_1896    |   9|          2|   15|         30|
    |ap_phi_reg_pp0_iter1_p_read57121_phi_reg_2520  |   9|          2|   15|         30|
    |ap_phi_reg_pp0_iter1_p_read58122_phi_reg_2532  |   9|          2|   15|         30|
    |ap_phi_reg_pp0_iter1_p_read59123_phi_reg_2544  |   9|          2|   15|         30|
    |ap_phi_reg_pp0_iter1_p_read60124_phi_reg_2556  |   9|          2|   15|         30|
    |ap_phi_reg_pp0_iter1_p_read61125_phi_reg_2568  |   9|          2|   15|         30|
    |ap_phi_reg_pp0_iter1_p_read62126_phi_reg_2580  |   9|          2|   15|         30|
    |ap_phi_reg_pp0_iter1_p_read63127_phi_reg_2592  |   9|          2|   15|         30|
    |ap_phi_reg_pp0_iter1_p_read64_phi_reg_1836     |   9|          2|   15|         30|
    |ap_phi_reg_pp0_iter1_p_read670_phi_reg_1908    |   9|          2|   15|         30|
    |ap_phi_reg_pp0_iter1_p_read771_phi_reg_1920    |   9|          2|   15|         30|
    |ap_phi_reg_pp0_iter1_p_read872_phi_reg_1932    |   9|          2|   15|         30|
    |ap_phi_reg_pp0_iter1_p_read973_phi_reg_1944    |   9|          2|   15|         30|
    |ap_return_0                                    |   9|          2|   16|         32|
    |ap_return_1                                    |   9|          2|   16|         32|
    |ap_return_2                                    |   9|          2|   16|         32|
    |ap_return_3                                    |   9|          2|   16|         32|
    |ap_return_4                                    |   9|          2|   16|         32|
    |ap_return_5                                    |   9|          2|   16|         32|
    |ap_return_6                                    |   9|          2|   16|         32|
    |ap_return_7                                    |   9|          2|   16|         32|
    |ap_return_8                                    |   9|          2|   16|         32|
    |ap_return_9                                    |   9|          2|   16|         32|
    |conv_i_i208_i11_reg_1696                       |   9|          2|   24|         48|
    |conv_i_i20_19_i10_reg_1710                     |   9|          2|   24|         48|
    |conv_i_i20_210_i9_reg_1724                     |   9|          2|   24|         48|
    |conv_i_i20_311_i8_reg_1738                     |   9|          2|   24|         48|
    |conv_i_i20_412_i7_reg_1752                     |   9|          2|   24|         48|
    |conv_i_i20_513_i6_reg_1766                     |   9|          2|   24|         48|
    |conv_i_i20_614_i5_reg_1780                     |   9|          2|   24|         48|
    |conv_i_i20_715_i4_reg_1794                     |   9|          2|   24|         48|
    |conv_i_i20_816_i3_reg_1808                     |   9|          2|   24|         48|
    |conv_i_i20_917_i2_reg_1822                     |   9|          2|   24|         48|
    |ir_reg_785                                     |   9|          2|    6|         12|
    +-----------------------------------------------+----+-----------+-----+-----------+
    |Total                                          |1401|        311| 2336|       4680|
    +-----------------------------------------------+----+-----------+-----+-----------+

    * Register: 
    +-----------------------------------------------+----+----+-----+-----------+
    |                      Name                     | FF | LUT| Bits| Const Bits|
    +-----------------------------------------------+----+----+-----+-----------+
    |ap_CS_fsm                                      |   2|   0|    2|          0|
    |ap_done_reg                                    |   1|   0|    1|          0|
    |ap_enable_reg_pp0_iter1                        |   1|   0|    1|          0|
    |ap_phi_reg_pp0_iter1_p_read1074_phi_reg_1956   |  15|   0|   15|          0|
    |ap_phi_reg_pp0_iter1_p_read1175_phi_reg_1968   |  15|   0|   15|          0|
    |ap_phi_reg_pp0_iter1_p_read1276_phi_reg_1980   |  15|   0|   15|          0|
    |ap_phi_reg_pp0_iter1_p_read1377_phi_reg_1992   |  15|   0|   15|          0|
    |ap_phi_reg_pp0_iter1_p_read1478_phi_reg_2004   |  15|   0|   15|          0|
    |ap_phi_reg_pp0_iter1_p_read1579_phi_reg_2016   |  15|   0|   15|          0|
    |ap_phi_reg_pp0_iter1_p_read165_phi_reg_1848    |  15|   0|   15|          0|
    |ap_phi_reg_pp0_iter1_p_read1680_phi_reg_2028   |  15|   0|   15|          0|
    |ap_phi_reg_pp0_iter1_p_read1781_phi_reg_2040   |  15|   0|   15|          0|
    |ap_phi_reg_pp0_iter1_p_read1882_phi_reg_2052   |  15|   0|   15|          0|
    |ap_phi_reg_pp0_iter1_p_read1983_phi_reg_2064   |  15|   0|   15|          0|
    |ap_phi_reg_pp0_iter1_p_read2084_phi_reg_2076   |  15|   0|   15|          0|
    |ap_phi_reg_pp0_iter1_p_read2185_phi_reg_2088   |  15|   0|   15|          0|
    |ap_phi_reg_pp0_iter1_p_read2286_phi_reg_2100   |  15|   0|   15|          0|
    |ap_phi_reg_pp0_iter1_p_read2387_phi_reg_2112   |  15|   0|   15|          0|
    |ap_phi_reg_pp0_iter1_p_read2488_phi_reg_2124   |  15|   0|   15|          0|
    |ap_phi_reg_pp0_iter1_p_read2589_phi_reg_2136   |  15|   0|   15|          0|
    |ap_phi_reg_pp0_iter1_p_read266_phi_reg_1860    |  15|   0|   15|          0|
    |ap_phi_reg_pp0_iter1_p_read2690_phi_reg_2148   |  15|   0|   15|          0|
    |ap_phi_reg_pp0_iter1_p_read2791_phi_reg_2160   |  15|   0|   15|          0|
    |ap_phi_reg_pp0_iter1_p_read2892_phi_reg_2172   |  15|   0|   15|          0|
    |ap_phi_reg_pp0_iter1_p_read2993_phi_reg_2184   |  15|   0|   15|          0|
    |ap_phi_reg_pp0_iter1_p_read3094_phi_reg_2196   |  15|   0|   15|          0|
    |ap_phi_reg_pp0_iter1_p_read3195_phi_reg_2208   |  15|   0|   15|          0|
    |ap_phi_reg_pp0_iter1_p_read3296_phi_reg_2220   |  15|   0|   15|          0|
    |ap_phi_reg_pp0_iter1_p_read3397_phi_reg_2232   |  15|   0|   15|          0|
    |ap_phi_reg_pp0_iter1_p_read3498_phi_reg_2244   |  15|   0|   15|          0|
    |ap_phi_reg_pp0_iter1_p_read3599_phi_reg_2256   |  15|   0|   15|          0|
    |ap_phi_reg_pp0_iter1_p_read36100_phi_reg_2268  |  15|   0|   15|          0|
    |ap_phi_reg_pp0_iter1_p_read367_phi_reg_1872    |  15|   0|   15|          0|
    |ap_phi_reg_pp0_iter1_p_read37101_phi_reg_2280  |  15|   0|   15|          0|
    |ap_phi_reg_pp0_iter1_p_read38102_phi_reg_2292  |  15|   0|   15|          0|
    |ap_phi_reg_pp0_iter1_p_read39103_phi_reg_2304  |  15|   0|   15|          0|
    |ap_phi_reg_pp0_iter1_p_read40104_phi_reg_2316  |  15|   0|   15|          0|
    |ap_phi_reg_pp0_iter1_p_read41105_phi_reg_2328  |  15|   0|   15|          0|
    |ap_phi_reg_pp0_iter1_p_read42106_phi_reg_2340  |  15|   0|   15|          0|
    |ap_phi_reg_pp0_iter1_p_read43107_phi_reg_2352  |  15|   0|   15|          0|
    |ap_phi_reg_pp0_iter1_p_read44108_phi_reg_2364  |  15|   0|   15|          0|
    |ap_phi_reg_pp0_iter1_p_read45109_phi_reg_2376  |  15|   0|   15|          0|
    |ap_phi_reg_pp0_iter1_p_read46110_phi_reg_2388  |  15|   0|   15|          0|
    |ap_phi_reg_pp0_iter1_p_read468_phi_reg_1884    |  15|   0|   15|          0|
    |ap_phi_reg_pp0_iter1_p_read47111_phi_reg_2400  |  15|   0|   15|          0|
    |ap_phi_reg_pp0_iter1_p_read48112_phi_reg_2412  |  15|   0|   15|          0|
    |ap_phi_reg_pp0_iter1_p_read49113_phi_reg_2424  |  15|   0|   15|          0|
    |ap_phi_reg_pp0_iter1_p_read50114_phi_reg_2436  |  15|   0|   15|          0|
    |ap_phi_reg_pp0_iter1_p_read51115_phi_reg_2448  |  15|   0|   15|          0|
    |ap_phi_reg_pp0_iter1_p_read52116_phi_reg_2460  |  15|   0|   15|          0|
    |ap_phi_reg_pp0_iter1_p_read53117_phi_reg_2472  |  15|   0|   15|          0|
    |ap_phi_reg_pp0_iter1_p_read54118_phi_reg_2484  |  15|   0|   15|          0|
    |ap_phi_reg_pp0_iter1_p_read55119_phi_reg_2496  |  15|   0|   15|          0|
    |ap_phi_reg_pp0_iter1_p_read56120_phi_reg_2508  |  15|   0|   15|          0|
    |ap_phi_reg_pp0_iter1_p_read569_phi_reg_1896    |  15|   0|   15|          0|
    |ap_phi_reg_pp0_iter1_p_read57121_phi_reg_2520  |  15|   0|   15|          0|
    |ap_phi_reg_pp0_iter1_p_read58122_phi_reg_2532  |  15|   0|   15|          0|
    |ap_phi_reg_pp0_iter1_p_read59123_phi_reg_2544  |  15|   0|   15|          0|
    |ap_phi_reg_pp0_iter1_p_read60124_phi_reg_2556  |  15|   0|   15|          0|
    |ap_phi_reg_pp0_iter1_p_read61125_phi_reg_2568  |  15|   0|   15|          0|
    |ap_phi_reg_pp0_iter1_p_read62126_phi_reg_2580  |  15|   0|   15|          0|
    |ap_phi_reg_pp0_iter1_p_read63127_phi_reg_2592  |  15|   0|   15|          0|
    |ap_phi_reg_pp0_iter1_p_read64_phi_reg_1836     |  15|   0|   15|          0|
    |ap_phi_reg_pp0_iter1_p_read670_phi_reg_1908    |  15|   0|   15|          0|
    |ap_phi_reg_pp0_iter1_p_read771_phi_reg_1920    |  15|   0|   15|          0|
    |ap_phi_reg_pp0_iter1_p_read872_phi_reg_1932    |  15|   0|   15|          0|
    |ap_phi_reg_pp0_iter1_p_read973_phi_reg_1944    |  15|   0|   15|          0|
    |ap_return_0_preg                               |  16|   0|   16|          0|
    |ap_return_1_preg                               |  16|   0|   16|          0|
    |ap_return_2_preg                               |  16|   0|   16|          0|
    |ap_return_3_preg                               |  16|   0|   16|          0|
    |ap_return_4_preg                               |  16|   0|   16|          0|
    |ap_return_5_preg                               |  16|   0|   16|          0|
    |ap_return_6_preg                               |  16|   0|   16|          0|
    |ap_return_7_preg                               |  16|   0|   16|          0|
    |ap_return_8_preg                               |  16|   0|   16|          0|
    |ap_return_9_preg                               |  16|   0|   16|          0|
    |conv_i_i208_i11_reg_1696                       |  24|   0|   24|          0|
    |conv_i_i20_19_i10_reg_1710                     |  24|   0|   24|          0|
    |conv_i_i20_210_i9_reg_1724                     |  24|   0|   24|          0|
    |conv_i_i20_311_i8_reg_1738                     |  24|   0|   24|          0|
    |conv_i_i20_412_i7_reg_1752                     |  24|   0|   24|          0|
    |conv_i_i20_513_i6_reg_1766                     |  24|   0|   24|          0|
    |conv_i_i20_614_i5_reg_1780                     |  24|   0|   24|          0|
    |conv_i_i20_715_i4_reg_1794                     |  24|   0|   24|          0|
    |conv_i_i20_816_i3_reg_1808                     |  24|   0|   24|          0|
    |conv_i_i20_917_i2_reg_1822                     |  24|   0|   24|          0|
    |do_init_reg_769                                |   1|   0|    1|          0|
    |icmp_ln46_reg_3745                             |   1|   0|    1|          0|
    |ir_reg_785                                     |   6|   0|    6|          0|
    |p_read1074_rewind_reg_940                      |  15|   0|   15|          0|
    |p_read1175_rewind_reg_954                      |  15|   0|   15|          0|
    |p_read1276_rewind_reg_968                      |  15|   0|   15|          0|
    |p_read1377_rewind_reg_982                      |  15|   0|   15|          0|
    |p_read1478_rewind_reg_996                      |  15|   0|   15|          0|
    |p_read1579_rewind_reg_1010                     |  15|   0|   15|          0|
    |p_read165_rewind_reg_814                       |  15|   0|   15|          0|
    |p_read1680_rewind_reg_1024                     |  15|   0|   15|          0|
    |p_read1781_rewind_reg_1038                     |  15|   0|   15|          0|
    |p_read1882_rewind_reg_1052                     |  15|   0|   15|          0|
    |p_read1983_rewind_reg_1066                     |  15|   0|   15|          0|
    |p_read2084_rewind_reg_1080                     |  15|   0|   15|          0|
    |p_read2185_rewind_reg_1094                     |  15|   0|   15|          0|
    |p_read2286_rewind_reg_1108                     |  15|   0|   15|          0|
    |p_read2387_rewind_reg_1122                     |  15|   0|   15|          0|
    |p_read2488_rewind_reg_1136                     |  15|   0|   15|          0|
    |p_read2589_rewind_reg_1150                     |  15|   0|   15|          0|
    |p_read266_rewind_reg_828                       |  15|   0|   15|          0|
    |p_read2690_rewind_reg_1164                     |  15|   0|   15|          0|
    |p_read2791_rewind_reg_1178                     |  15|   0|   15|          0|
    |p_read2892_rewind_reg_1192                     |  15|   0|   15|          0|
    |p_read2993_rewind_reg_1206                     |  15|   0|   15|          0|
    |p_read3094_rewind_reg_1220                     |  15|   0|   15|          0|
    |p_read3195_rewind_reg_1234                     |  15|   0|   15|          0|
    |p_read3296_rewind_reg_1248                     |  15|   0|   15|          0|
    |p_read3397_rewind_reg_1262                     |  15|   0|   15|          0|
    |p_read3498_rewind_reg_1276                     |  15|   0|   15|          0|
    |p_read3599_rewind_reg_1290                     |  15|   0|   15|          0|
    |p_read36100_rewind_reg_1304                    |  15|   0|   15|          0|
    |p_read367_rewind_reg_842                       |  15|   0|   15|          0|
    |p_read37101_rewind_reg_1318                    |  15|   0|   15|          0|
    |p_read38102_rewind_reg_1332                    |  15|   0|   15|          0|
    |p_read39103_rewind_reg_1346                    |  15|   0|   15|          0|
    |p_read40104_rewind_reg_1360                    |  15|   0|   15|          0|
    |p_read41105_rewind_reg_1374                    |  15|   0|   15|          0|
    |p_read42106_rewind_reg_1388                    |  15|   0|   15|          0|
    |p_read43107_rewind_reg_1402                    |  15|   0|   15|          0|
    |p_read44108_rewind_reg_1416                    |  15|   0|   15|          0|
    |p_read45109_rewind_reg_1430                    |  15|   0|   15|          0|
    |p_read46110_rewind_reg_1444                    |  15|   0|   15|          0|
    |p_read468_rewind_reg_856                       |  15|   0|   15|          0|
    |p_read47111_rewind_reg_1458                    |  15|   0|   15|          0|
    |p_read48112_rewind_reg_1472                    |  15|   0|   15|          0|
    |p_read49113_rewind_reg_1486                    |  15|   0|   15|          0|
    |p_read50114_rewind_reg_1500                    |  15|   0|   15|          0|
    |p_read51115_rewind_reg_1514                    |  15|   0|   15|          0|
    |p_read52116_rewind_reg_1528                    |  15|   0|   15|          0|
    |p_read53117_rewind_reg_1542                    |  15|   0|   15|          0|
    |p_read54118_rewind_reg_1556                    |  15|   0|   15|          0|
    |p_read55119_rewind_reg_1570                    |  15|   0|   15|          0|
    |p_read56120_rewind_reg_1584                    |  15|   0|   15|          0|
    |p_read569_rewind_reg_870                       |  15|   0|   15|          0|
    |p_read57121_rewind_reg_1598                    |  15|   0|   15|          0|
    |p_read58122_rewind_reg_1612                    |  15|   0|   15|          0|
    |p_read59123_rewind_reg_1626                    |  15|   0|   15|          0|
    |p_read60124_rewind_reg_1640                    |  15|   0|   15|          0|
    |p_read61125_rewind_reg_1654                    |  15|   0|   15|          0|
    |p_read62126_rewind_reg_1668                    |  15|   0|   15|          0|
    |p_read63127_rewind_reg_1682                    |  15|   0|   15|          0|
    |p_read64_rewind_reg_800                        |  15|   0|   15|          0|
    |p_read670_rewind_reg_884                       |  15|   0|   15|          0|
    |p_read771_rewind_reg_898                       |  15|   0|   15|          0|
    |p_read872_rewind_reg_912                       |  15|   0|   15|          0|
    |p_read973_rewind_reg_926                       |  15|   0|   15|          0|
    |w_index_reg_3740                               |   6|   0|    6|          0|
    +-----------------------------------------------+----+----+-----+-----------+
    |Total                                          |2338|   0| 2338|          0|
    +-----------------------------------------------+----+----+-----+-----------+



================================================================
== Interface
================================================================
* Summary: 
+-------------+-----+-----+------------+-------------------------------------------------------------------+--------------+
|  RTL Ports  | Dir | Bits|  Protocol  |                           Source Object                           |    C Type    |
+-------------+-----+-----+------------+-------------------------------------------------------------------+--------------+
|ap_clk       |   in|    1|  ap_ctrl_hs|  dense_resource_rf_leq_nin<ap_fixed,ap_fixed<16,6,5,3,0>,config10>|  return value|
|ap_rst       |   in|    1|  ap_ctrl_hs|  dense_resource_rf_leq_nin<ap_fixed,ap_fixed<16,6,5,3,0>,config10>|  return value|
|ap_start     |   in|    1|  ap_ctrl_hs|  dense_resource_rf_leq_nin<ap_fixed,ap_fixed<16,6,5,3,0>,config10>|  return value|
|ap_done      |  out|    1|  ap_ctrl_hs|  dense_resource_rf_leq_nin<ap_fixed,ap_fixed<16,6,5,3,0>,config10>|  return value|
|ap_continue  |   in|    1|  ap_ctrl_hs|  dense_resource_rf_leq_nin<ap_fixed,ap_fixed<16,6,5,3,0>,config10>|  return value|
|ap_idle      |  out|    1|  ap_ctrl_hs|  dense_resource_rf_leq_nin<ap_fixed,ap_fixed<16,6,5,3,0>,config10>|  return value|
|ap_ready     |  out|    1|  ap_ctrl_hs|  dense_resource_rf_leq_nin<ap_fixed,ap_fixed<16,6,5,3,0>,config10>|  return value|
|ap_return_0  |  out|   16|  ap_ctrl_hs|  dense_resource_rf_leq_nin<ap_fixed,ap_fixed<16,6,5,3,0>,config10>|  return value|
|ap_return_1  |  out|   16|  ap_ctrl_hs|  dense_resource_rf_leq_nin<ap_fixed,ap_fixed<16,6,5,3,0>,config10>|  return value|
|ap_return_2  |  out|   16|  ap_ctrl_hs|  dense_resource_rf_leq_nin<ap_fixed,ap_fixed<16,6,5,3,0>,config10>|  return value|
|ap_return_3  |  out|   16|  ap_ctrl_hs|  dense_resource_rf_leq_nin<ap_fixed,ap_fixed<16,6,5,3,0>,config10>|  return value|
|ap_return_4  |  out|   16|  ap_ctrl_hs|  dense_resource_rf_leq_nin<ap_fixed,ap_fixed<16,6,5,3,0>,config10>|  return value|
|ap_return_5  |  out|   16|  ap_ctrl_hs|  dense_resource_rf_leq_nin<ap_fixed,ap_fixed<16,6,5,3,0>,config10>|  return value|
|ap_return_6  |  out|   16|  ap_ctrl_hs|  dense_resource_rf_leq_nin<ap_fixed,ap_fixed<16,6,5,3,0>,config10>|  return value|
|ap_return_7  |  out|   16|  ap_ctrl_hs|  dense_resource_rf_leq_nin<ap_fixed,ap_fixed<16,6,5,3,0>,config10>|  return value|
|ap_return_8  |  out|   16|  ap_ctrl_hs|  dense_resource_rf_leq_nin<ap_fixed,ap_fixed<16,6,5,3,0>,config10>|  return value|
|ap_return_9  |  out|   16|  ap_ctrl_hs|  dense_resource_rf_leq_nin<ap_fixed,ap_fixed<16,6,5,3,0>,config10>|  return value|
|p_read       |   in|   15|     ap_none|                                                             p_read|        scalar|
|p_read1      |   in|   15|     ap_none|                                                            p_read1|        scalar|
|p_read2      |   in|   15|     ap_none|                                                            p_read2|        scalar|
|p_read3      |   in|   15|     ap_none|                                                            p_read3|        scalar|
|p_read4      |   in|   15|     ap_none|                                                            p_read4|        scalar|
|p_read5      |   in|   15|     ap_none|                                                            p_read5|        scalar|
|p_read6      |   in|   15|     ap_none|                                                            p_read6|        scalar|
|p_read7      |   in|   15|     ap_none|                                                            p_read7|        scalar|
|p_read8      |   in|   15|     ap_none|                                                            p_read8|        scalar|
|p_read9      |   in|   15|     ap_none|                                                            p_read9|        scalar|
|p_read10     |   in|   15|     ap_none|                                                           p_read10|        scalar|
|p_read11     |   in|   15|     ap_none|                                                           p_read11|        scalar|
|p_read12     |   in|   15|     ap_none|                                                           p_read12|        scalar|
|p_read13     |   in|   15|     ap_none|                                                           p_read13|        scalar|
|p_read14     |   in|   15|     ap_none|                                                           p_read14|        scalar|
|p_read15     |   in|   15|     ap_none|                                                           p_read15|        scalar|
|p_read16     |   in|   15|     ap_none|                                                           p_read16|        scalar|
|p_read17     |   in|   15|     ap_none|                                                           p_read17|        scalar|
|p_read18     |   in|   15|     ap_none|                                                           p_read18|        scalar|
|p_read19     |   in|   15|     ap_none|                                                           p_read19|        scalar|
|p_read20     |   in|   15|     ap_none|                                                           p_read20|        scalar|
|p_read21     |   in|   15|     ap_none|                                                           p_read21|        scalar|
|p_read22     |   in|   15|     ap_none|                                                           p_read22|        scalar|
|p_read23     |   in|   15|     ap_none|                                                           p_read23|        scalar|
|p_read24     |   in|   15|     ap_none|                                                           p_read24|        scalar|
|p_read25     |   in|   15|     ap_none|                                                           p_read25|        scalar|
|p_read26     |   in|   15|     ap_none|                                                           p_read26|        scalar|
|p_read27     |   in|   15|     ap_none|                                                           p_read27|        scalar|
|p_read28     |   in|   15|     ap_none|                                                           p_read28|        scalar|
|p_read29     |   in|   15|     ap_none|                                                           p_read29|        scalar|
|p_read30     |   in|   15|     ap_none|                                                           p_read30|        scalar|
|p_read31     |   in|   15|     ap_none|                                                           p_read31|        scalar|
|p_read32     |   in|   15|     ap_none|                                                           p_read32|        scalar|
|p_read33     |   in|   15|     ap_none|                                                           p_read33|        scalar|
|p_read34     |   in|   15|     ap_none|                                                           p_read34|        scalar|
|p_read35     |   in|   15|     ap_none|                                                           p_read35|        scalar|
|p_read36     |   in|   15|     ap_none|                                                           p_read36|        scalar|
|p_read37     |   in|   15|     ap_none|                                                           p_read37|        scalar|
|p_read38     |   in|   15|     ap_none|                                                           p_read38|        scalar|
|p_read39     |   in|   15|     ap_none|                                                           p_read39|        scalar|
|p_read40     |   in|   15|     ap_none|                                                           p_read40|        scalar|
|p_read41     |   in|   15|     ap_none|                                                           p_read41|        scalar|
|p_read42     |   in|   15|     ap_none|                                                           p_read42|        scalar|
|p_read43     |   in|   15|     ap_none|                                                           p_read43|        scalar|
|p_read44     |   in|   15|     ap_none|                                                           p_read44|        scalar|
|p_read45     |   in|   15|     ap_none|                                                           p_read45|        scalar|
|p_read46     |   in|   15|     ap_none|                                                           p_read46|        scalar|
|p_read47     |   in|   15|     ap_none|                                                           p_read47|        scalar|
|p_read48     |   in|   15|     ap_none|                                                           p_read48|        scalar|
|p_read49     |   in|   15|     ap_none|                                                           p_read49|        scalar|
|p_read50     |   in|   15|     ap_none|                                                           p_read50|        scalar|
|p_read51     |   in|   15|     ap_none|                                                           p_read51|        scalar|
|p_read52     |   in|   15|     ap_none|                                                           p_read52|        scalar|
|p_read53     |   in|   15|     ap_none|                                                           p_read53|        scalar|
|p_read54     |   in|   15|     ap_none|                                                           p_read54|        scalar|
|p_read55     |   in|   15|     ap_none|                                                           p_read55|        scalar|
|p_read56     |   in|   15|     ap_none|                                                           p_read56|        scalar|
|p_read57     |   in|   15|     ap_none|                                                           p_read57|        scalar|
|p_read58     |   in|   15|     ap_none|                                                           p_read58|        scalar|
|p_read59     |   in|   15|     ap_none|                                                           p_read59|        scalar|
|p_read60     |   in|   15|     ap_none|                                                           p_read60|        scalar|
|p_read61     |   in|   15|     ap_none|                                                           p_read61|        scalar|
|p_read62     |   in|   15|     ap_none|                                                           p_read62|        scalar|
|p_read63     |   in|   15|     ap_none|                                                           p_read63|        scalar|
+-------------+-----+-----+------------+-------------------------------------------------------------------+--------------+

